// Jest Snapshot v1, https://goo.gl/fbAQLP

exports[`changes the class when hovered 1`] = `
<pre>
  <code
    className="language-typescript"
  >
    <span
      className=""
    >
      export enum Property {
      Name = "Name",
      cover = "cover",
      Author = "Author",
      Description = "Description",
      Slug = "Slug",
      Public = "Public",
      Published = "Published",
      Tags = "Tags",
    }
    </span>
  </code>
</pre>
`;
